// Vitest Snapshot v1, https://vitest.dev/guide/snapshot.html

exports[`Test BlockNote-Prosemirror conversion > Case: default schema > Convert codeBlock/contains-newlines to/from prosemirror 1`] = `
{
  "attrs": {
    "backgroundColor": "default",
    "id": "1",
    "textColor": "default",
  },
  "content": [
    {
      "attrs": {
        "language": "javascript",
      },
      "content": [
        {
          "text": "const hello = 'world';
console.log(hello);
",
          "type": "text",
        },
      ],
      "type": "codeBlock",
    },
  ],
  "type": "blockContainer",
}
`;
